<?xml version="1.0" encoding="UTF-8" ?>
<testsuites name="vitest tests" tests="21" failures="0" errors="0" time="0.0130128">
    <testsuite name="src/tests/accounting-integration-simple.test.ts" timestamp="2025-08-14T07:44:01.737Z" hostname="DESKTOP-Q9DCGIK" tests="21" failures="0" errors="0" skipped="0" time="0.0130128">
        <testcase classname="src/tests/accounting-integration-simple.test.ts" name="Accounting Integration - Simple Tests &gt; QuickBooksAPIGateway &gt; should create instance successfully" time="0.0020353">
        </testcase>
        <testcase classname="src/tests/accounting-integration-simple.test.ts" name="Accounting Integration - Simple Tests &gt; QuickBooksAPIGateway &gt; should connect successfully with valid config" time="0.000932">
        </testcase>
        <testcase classname="src/tests/accounting-integration-simple.test.ts" name="Accounting Integration - Simple Tests &gt; QuickBooksAPIGateway &gt; should throw error with invalid config" time="0.0017787">
        </testcase>
        <testcase classname="src/tests/accounting-integration-simple.test.ts" name="Accounting Integration - Simple Tests &gt; QuickBooksAPIGateway &gt; should test connection successfully when connected" time="0.0004043">
        </testcase>
        <testcase classname="src/tests/accounting-integration-simple.test.ts" name="Accounting Integration - Simple Tests &gt; QuickBooksAPIGateway &gt; should return false for connection test when not connected" time="0.0001757">
        </testcase>
        <testcase classname="src/tests/accounting-integration-simple.test.ts" name="Accounting Integration - Simple Tests &gt; QuickBooksAPIGateway &gt; should sync journal entry successfully" time="0.0005718">
        </testcase>
        <testcase classname="src/tests/accounting-integration-simple.test.ts" name="Accounting Integration - Simple Tests &gt; QuickBooksAPIGateway &gt; should sync chart of accounts successfully" time="0.0003697">
        </testcase>
        <testcase classname="src/tests/accounting-integration-simple.test.ts" name="Accounting Integration - Simple Tests &gt; QuickBooksAPIGateway &gt; should fetch system info successfully" time="0.0003043">
        </testcase>
        <testcase classname="src/tests/accounting-integration-simple.test.ts" name="Accounting Integration - Simple Tests &gt; QuickBooksAPIGateway &gt; should validate QuickBooks config correctly" time="0.0002859">
        </testcase>
        <testcase classname="src/tests/accounting-integration-simple.test.ts" name="Accounting Integration - Simple Tests &gt; QuickBooksAPIGateway &gt; should handle sync failures gracefully" time="0.0003167">
        </testcase>
        <testcase classname="src/tests/accounting-integration-simple.test.ts" name="Accounting Integration - Simple Tests &gt; XeroAPIGateway &gt; should create instance successfully" time="0.0001967">
        </testcase>
        <testcase classname="src/tests/accounting-integration-simple.test.ts" name="Accounting Integration - Simple Tests &gt; XeroAPIGateway &gt; should connect successfully with valid config" time="0.0004197">
        </testcase>
        <testcase classname="src/tests/accounting-integration-simple.test.ts" name="Accounting Integration - Simple Tests &gt; XeroAPIGateway &gt; should throw error with invalid config" time="0.0003754">
        </testcase>
        <testcase classname="src/tests/accounting-integration-simple.test.ts" name="Accounting Integration - Simple Tests &gt; XeroAPIGateway &gt; should test connection successfully when connected" time="0.0003991">
        </testcase>
        <testcase classname="src/tests/accounting-integration-simple.test.ts" name="Accounting Integration - Simple Tests &gt; XeroAPIGateway &gt; should sync journal entry successfully" time="0.0004046">
        </testcase>
        <testcase classname="src/tests/accounting-integration-simple.test.ts" name="Accounting Integration - Simple Tests &gt; XeroAPIGateway &gt; should sync chart of accounts successfully" time="0.0003286">
        </testcase>
        <testcase classname="src/tests/accounting-integration-simple.test.ts" name="Accounting Integration - Simple Tests &gt; XeroAPIGateway &gt; should fetch system info successfully" time="0.000277">
        </testcase>
        <testcase classname="src/tests/accounting-integration-simple.test.ts" name="Accounting Integration - Simple Tests &gt; XeroAPIGateway &gt; should validate Xero config correctly" time="0.0002289">
        </testcase>
        <testcase classname="src/tests/accounting-integration-simple.test.ts" name="Accounting Integration - Simple Tests &gt; XeroAPIGateway &gt; should handle sync failures gracefully" time="0.000306">
        </testcase>
        <testcase classname="src/tests/accounting-integration-simple.test.ts" name="Accounting Integration - Simple Tests &gt; Error Handling &gt; should handle connection failures gracefully" time="0.0003954">
        </testcase>
        <testcase classname="src/tests/accounting-integration-simple.test.ts" name="Accounting Integration - Simple Tests &gt; Error Handling &gt; should handle network timeouts" time="0.0007581">
        </testcase>
    </testsuite>
</testsuites>
